// Jest Snapshot v1, https://goo.gl/fbAQLP

exports[`AdminApproval should match a snapshot when LOADING false 1`] = `
<Connect(ErrorBoundary)>
  <div
    className="container isRelative py-8"
    data-test="revision-list-container"
  >
    <div
      className="pin absolute flex items-center justify-center"
    >
      <Loader />
    </div>
    <table
      className="table isFullwidth"
      data-test="revision-list"
    >
      <thead>
        <tr>
          <th>
            #
          </th>
          <th>
            AppId
          </th>
          <th>
            Type
          </th>
          <th>
            Description
          </th>
          <th />
        </tr>
      </thead>
      <tbody>
        <tr
          data-app-id="ddc8b25e-42a2-468e-aa8f-4091eee6958f"
          key="4afb0bb9-c1f8-403a-8fd6-1c92b4244906"
        >
          <th>
            1
          </th>
          <th>
            ddc8b25e-42a2-468e-aa8f-4091eee6958f
          </th>
          <th>
            App Revision
          </th>
          <th>
            A developer has submitted a request to modify their application
          </th>
          <th>
            <button
              className="button isPrimary"
              data-test="view-details-button_ddc8b25e-42a2-468e-aa8f-4091eee6958f"
              onClick={[Function]}
            >
              View details
            </button>
          </th>
        </tr>
        <tr
          data-app-id="c9cbb8cd-74c3-4cc7-b632-d8e86b0b7d26"
          key="0d55cee6-b8c0-4fb9-be45-506c5992d267"
        >
          <th>
            2
          </th>
          <th>
            c9cbb8cd-74c3-4cc7-b632-d8e86b0b7d26
          </th>
          <th>
            App Revision
          </th>
          <th>
            A developer has submitted a request to modify their application
          </th>
          <th>
            <button
              className="button isPrimary"
              data-test="view-details-button_c9cbb8cd-74c3-4cc7-b632-d8e86b0b7d26"
              onClick={[Function]}
            >
              View details
            </button>
          </th>
        </tr>
        <tr
          data-app-id="bbd8ed62-64a5-4bb9-a269-7aa987923897"
          key="1c6f4453-06c6-424b-855a-9a77a718f83f"
        >
          <th>
            3
          </th>
          <th>
            bbd8ed62-64a5-4bb9-a269-7aa987923897
          </th>
          <th>
            App Revision
          </th>
          <th>
            A developer has submitted a request to modify their application
          </th>
          <th>
            <button
              className="button isPrimary"
              data-test="view-details-button_bbd8ed62-64a5-4bb9-a269-7aa987923897"
              onClick={[Function]}
            >
              View details
            </button>
          </th>
        </tr>
        <tr
          data-app-id="38c30c86-984f-4e20-8133-93c42f69a283"
          key="371e1640-6d07-413c-8be2-214a6ee32c14"
        >
          <th>
            4
          </th>
          <th>
            38c30c86-984f-4e20-8133-93c42f69a283
          </th>
          <th>
            App Revision
          </th>
          <th>
            A developer has submitted a request to modify their application
          </th>
          <th>
            <button
              className="button isPrimary"
              data-test="view-details-button_38c30c86-984f-4e20-8133-93c42f69a283"
              onClick={[Function]}
            >
              View details
            </button>
          </th>
        </tr>
        <tr
          data-app-id="b50fe8e3-0195-4ce5-9150-d6b6250aa93f"
          key="ca0e95f2-8dbe-4d62-b533-a7c695f5de9b"
        >
          <th>
            5
          </th>
          <th>
            b50fe8e3-0195-4ce5-9150-d6b6250aa93f
          </th>
          <th>
            App Revision
          </th>
          <th>
            A developer has submitted a request to modify their application
          </th>
          <th>
            <button
              className="button isPrimary"
              data-test="view-details-button_b50fe8e3-0195-4ce5-9150-d6b6250aa93f"
              onClick={[Function]}
            >
              View details
            </button>
          </th>
        </tr>
        <tr
          data-app-id="ce069a76-6be1-4640-b412-b3c2a1e80dff"
          key="9ec2b8e8-209c-422f-a221-7d45e832a848"
        >
          <th>
            6
          </th>
          <th>
            ce069a76-6be1-4640-b412-b3c2a1e80dff
          </th>
          <th>
            App Revision
          </th>
          <th>
            A developer has submitted a request to modify their application
          </th>
          <th>
            <button
              className="button isPrimary"
              data-test="view-details-button_ce069a76-6be1-4640-b412-b3c2a1e80dff"
              onClick={[Function]}
            >
              View details
            </button>
          </th>
        </tr>
        <tr
          data-app-id="e5854bf2-8a2b-4d41-b51b-c226dbac3ffb"
          key="c5d25de8-93e7-4f64-af41-e35833868ec4"
        >
          <th>
            7
          </th>
          <th>
            e5854bf2-8a2b-4d41-b51b-c226dbac3ffb
          </th>
          <th>
            App Revision
          </th>
          <th>
            A developer has submitted a request to modify their application
          </th>
          <th>
            <button
              className="button isPrimary"
              data-test="view-details-button_e5854bf2-8a2b-4d41-b51b-c226dbac3ffb"
              onClick={[Function]}
            >
              View details
            </button>
          </th>
        </tr>
        <tr
          data-app-id="2421665e-7154-4bf7-bf7b-ad80bc7ed191"
          key="ff820e01-6444-409f-be13-466b6f527c76"
        >
          <th>
            8
          </th>
          <th>
            2421665e-7154-4bf7-bf7b-ad80bc7ed191
          </th>
          <th>
            App Revision
          </th>
          <th>
            A developer has submitted a request to modify their application
          </th>
          <th>
            <button
              className="button isPrimary"
              data-test="view-details-button_2421665e-7154-4bf7-bf7b-ad80bc7ed191"
              onClick={[Function]}
            >
              View details
            </button>
          </th>
        </tr>
        <tr
          data-app-id="2baf738b-ab70-4de2-8a62-547a5ff68866"
          key="76b5b475-22d9-4437-b9bf-44a6afb5df14"
        >
          <th>
            9
          </th>
          <th>
            2baf738b-ab70-4de2-8a62-547a5ff68866
          </th>
          <th>
            App Revision
          </th>
          <th>
            A developer has submitted a request to modify their application
          </th>
          <th>
            <button
              className="button isPrimary"
              data-test="view-details-button_2baf738b-ab70-4de2-8a62-547a5ff68866"
              onClick={[Function]}
            >
              View details
            </button>
          </th>
        </tr>
        <tr
          data-app-id="d36137d1-cc86-4b9a-a164-069183065f37"
          key="c6d3160b-b299-4764-87bf-e1f26065d282"
        >
          <th>
            10
          </th>
          <th>
            d36137d1-cc86-4b9a-a164-069183065f37
          </th>
          <th>
            App Revision
          </th>
          <th>
            A developer has submitted a request to modify their application
          </th>
          <th>
            <button
              className="button isPrimary"
              data-test="view-details-button_d36137d1-cc86-4b9a-a164-069183065f37"
              onClick={[Function]}
            >
              View details
            </button>
          </th>
        </tr>
      </tbody>
    </table>
    <Pagination
      onChange={[Function]}
      pageNumber={2}
      pageSize={10}
      totalCount={69}
    />
  </div>
  <Component
    afterClose={[Function]}
    visible={false}
  />
</Connect(ErrorBoundary)>
`;

exports[`AdminApproval should match a snapshot when LOADING true 1`] = `<Loader />`;
