// Jest Snapshot v1, https://goo.gl/fbAQLP

exports[`Admin Stats should match snapshot 1`] = `
<FlexContainerBasic
  flexColumn={true}
  hasPadding={true}
>
  <Content>
    <FlexContainerResponsive
      flexColumn={true}
      hasBackground={true}
      hasPadding={true}
    >
      <H3>
        Stats
      </H3>
    </FlexContainerResponsive>
  </Content>
</FlexContainerBasic>
`;
