// Jest Snapshot v1, https://goo.gl/fbAQLP

exports[`Admin Stats setArea APPS should match snapshot 1`] = `
<FlexContainerBasic
  flexColumn={true}
  hasPadding={true}
>
  <Content>
    <FlexContainerResponsive
      flexColumn={true}
      hasPadding={true}
    >
      <div>
        <H3>
          Stats
        </H3>
      </div>
      <H5>
        Please select an area:
      </H5>
      <ButtonGroup>
        <Button
          className="ml-0"
          dataTest="area-apps-btn"
          onClick={[Function]}
          type="button"
          variant="primary"
        >
          Apps
        </Button>
        <Button
          dataTest="area-developers-btn"
          onClick={[Function]}
          type="button"
          variant="secondary"
        >
          Developers
        </Button>
        <Button
          dataTest="area-installations-btn"
          onClick={[Function]}
          type="button"
          variant="secondary"
        >
          Installations
        </Button>
      </ButtonGroup>
      <H5>
        Please select a time range:
      </H5>
      <ButtonGroup>
        <Button
          className="ml-0"
          dataTest="range-week-btn"
          onClick={[Function]}
          type="button"
          variant="primary"
        >
          Last week
        </Button>
        <Button
          dataTest="range-month-btn"
          onClick={[Function]}
          type="button"
          variant="secondary"
        >
          Last Month
        </Button>
        <Button
          dataTest="range-all-btn"
          onClick={[Function]}
          type="button"
          variant="secondary"
        >
          All time
        </Button>
      </ButtonGroup>
      <H4>
        Showing results for ‘insert area selection’ and ‘insert time range selection’
      </H4>
    </FlexContainerResponsive>
  </Content>
</FlexContainerBasic>
`;

exports[`Admin Stats setArea DEVELOPRES should match snapshot 1`] = `
<FlexContainerBasic
  flexColumn={true}
  hasPadding={true}
>
  <Content>
    <FlexContainerResponsive
      flexColumn={true}
      hasPadding={true}
    >
      <div>
        <H3>
          Stats
        </H3>
      </div>
      <H5>
        Please select an area:
      </H5>
      <ButtonGroup>
        <Button
          className="ml-0"
          dataTest="area-apps-btn"
          onClick={[Function]}
          type="button"
          variant="secondary"
        >
          Apps
        </Button>
        <Button
          dataTest="area-developers-btn"
          onClick={[Function]}
          type="button"
          variant="primary"
        >
          Developers
        </Button>
        <Button
          dataTest="area-installations-btn"
          onClick={[Function]}
          type="button"
          variant="secondary"
        >
          Installations
        </Button>
      </ButtonGroup>
      <H5>
        Please select a time range:
      </H5>
      <ButtonGroup>
        <Button
          className="ml-0"
          dataTest="range-week-btn"
          onClick={[Function]}
          type="button"
          variant="primary"
        >
          Last week
        </Button>
        <Button
          dataTest="range-month-btn"
          onClick={[Function]}
          type="button"
          variant="secondary"
        >
          Last Month
        </Button>
        <Button
          dataTest="range-all-btn"
          onClick={[Function]}
          type="button"
          variant="secondary"
        >
          All time
        </Button>
      </ButtonGroup>
      <H4>
        Showing results for ‘insert area selection’ and ‘insert time range selection’
      </H4>
    </FlexContainerResponsive>
  </Content>
</FlexContainerBasic>
`;

exports[`Admin Stats setArea INSTALLATIONS should match snapshot 1`] = `
<FlexContainerBasic
  flexColumn={true}
  hasPadding={true}
>
  <Content>
    <FlexContainerResponsive
      flexColumn={true}
      hasPadding={true}
    >
      <div>
        <H3>
          Stats
        </H3>
      </div>
      <H5>
        Please select an area:
      </H5>
      <ButtonGroup>
        <Button
          className="ml-0"
          dataTest="area-apps-btn"
          onClick={[Function]}
          type="button"
          variant="secondary"
        >
          Apps
        </Button>
        <Button
          dataTest="area-developers-btn"
          onClick={[Function]}
          type="button"
          variant="secondary"
        >
          Developers
        </Button>
        <Button
          dataTest="area-installations-btn"
          onClick={[Function]}
          type="button"
          variant="primary"
        >
          Installations
        </Button>
      </ButtonGroup>
      <H5>
        Please select a time range:
      </H5>
      <ButtonGroup>
        <Button
          className="ml-0"
          dataTest="range-week-btn"
          onClick={[Function]}
          type="button"
          variant="primary"
        >
          Last week
        </Button>
        <Button
          dataTest="range-month-btn"
          onClick={[Function]}
          type="button"
          variant="secondary"
        >
          Last Month
        </Button>
        <Button
          dataTest="range-all-btn"
          onClick={[Function]}
          type="button"
          variant="secondary"
        >
          All time
        </Button>
      </ButtonGroup>
      <H4>
        Showing results for ‘insert area selection’ and ‘insert time range selection’
      </H4>
    </FlexContainerResponsive>
  </Content>
</FlexContainerBasic>
`;

exports[`Admin Stats setRange ALL should match snapshot 1`] = `
<FlexContainerBasic
  flexColumn={true}
  hasPadding={true}
>
  <Content>
    <FlexContainerResponsive
      flexColumn={true}
      hasPadding={true}
    >
      <div>
        <H3>
          Stats
        </H3>
      </div>
      <H5>
        Please select an area:
      </H5>
      <ButtonGroup>
        <Button
          className="ml-0"
          dataTest="area-apps-btn"
          onClick={[Function]}
          type="button"
          variant="primary"
        >
          Apps
        </Button>
        <Button
          dataTest="area-developers-btn"
          onClick={[Function]}
          type="button"
          variant="secondary"
        >
          Developers
        </Button>
        <Button
          dataTest="area-installations-btn"
          onClick={[Function]}
          type="button"
          variant="secondary"
        >
          Installations
        </Button>
      </ButtonGroup>
      <H5>
        Please select a time range:
      </H5>
      <ButtonGroup>
        <Button
          className="ml-0"
          dataTest="range-week-btn"
          onClick={[Function]}
          type="button"
          variant="secondary"
        >
          Last week
        </Button>
        <Button
          dataTest="range-month-btn"
          onClick={[Function]}
          type="button"
          variant="secondary"
        >
          Last Month
        </Button>
        <Button
          dataTest="range-all-btn"
          onClick={[Function]}
          type="button"
          variant="primary"
        >
          All time
        </Button>
      </ButtonGroup>
      <H4>
        Showing results for ‘insert area selection’ and ‘insert time range selection’
      </H4>
    </FlexContainerResponsive>
  </Content>
</FlexContainerBasic>
`;

exports[`Admin Stats setRange MONTH should match snapshot 1`] = `
<FlexContainerBasic
  flexColumn={true}
  hasPadding={true}
>
  <Content>
    <FlexContainerResponsive
      flexColumn={true}
      hasPadding={true}
    >
      <div>
        <H3>
          Stats
        </H3>
      </div>
      <H5>
        Please select an area:
      </H5>
      <ButtonGroup>
        <Button
          className="ml-0"
          dataTest="area-apps-btn"
          onClick={[Function]}
          type="button"
          variant="primary"
        >
          Apps
        </Button>
        <Button
          dataTest="area-developers-btn"
          onClick={[Function]}
          type="button"
          variant="secondary"
        >
          Developers
        </Button>
        <Button
          dataTest="area-installations-btn"
          onClick={[Function]}
          type="button"
          variant="secondary"
        >
          Installations
        </Button>
      </ButtonGroup>
      <H5>
        Please select a time range:
      </H5>
      <ButtonGroup>
        <Button
          className="ml-0"
          dataTest="range-week-btn"
          onClick={[Function]}
          type="button"
          variant="secondary"
        >
          Last week
        </Button>
        <Button
          dataTest="range-month-btn"
          onClick={[Function]}
          type="button"
          variant="primary"
        >
          Last Month
        </Button>
        <Button
          dataTest="range-all-btn"
          onClick={[Function]}
          type="button"
          variant="secondary"
        >
          All time
        </Button>
      </ButtonGroup>
      <H4>
        Showing results for ‘insert area selection’ and ‘insert time range selection’
      </H4>
    </FlexContainerResponsive>
  </Content>
</FlexContainerBasic>
`;

exports[`Admin Stats setRange WEEK should match snapshot 1`] = `
<FlexContainerBasic
  flexColumn={true}
  hasPadding={true}
>
  <Content>
    <FlexContainerResponsive
      flexColumn={true}
      hasPadding={true}
    >
      <div>
        <H3>
          Stats
        </H3>
      </div>
      <H5>
        Please select an area:
      </H5>
      <ButtonGroup>
        <Button
          className="ml-0"
          dataTest="area-apps-btn"
          onClick={[Function]}
          type="button"
          variant="primary"
        >
          Apps
        </Button>
        <Button
          dataTest="area-developers-btn"
          onClick={[Function]}
          type="button"
          variant="secondary"
        >
          Developers
        </Button>
        <Button
          dataTest="area-installations-btn"
          onClick={[Function]}
          type="button"
          variant="secondary"
        >
          Installations
        </Button>
      </ButtonGroup>
      <H5>
        Please select a time range:
      </H5>
      <ButtonGroup>
        <Button
          className="ml-0"
          dataTest="range-week-btn"
          onClick={[Function]}
          type="button"
          variant="primary"
        >
          Last week
        </Button>
        <Button
          dataTest="range-month-btn"
          onClick={[Function]}
          type="button"
          variant="secondary"
        >
          Last Month
        </Button>
        <Button
          dataTest="range-all-btn"
          onClick={[Function]}
          type="button"
          variant="secondary"
        >
          All time
        </Button>
      </ButtonGroup>
      <H4>
        Showing results for ‘insert area selection’ and ‘insert time range selection’
      </H4>
    </FlexContainerResponsive>
  </Content>
</FlexContainerBasic>
`;

exports[`Admin Stats should match snapshot 1`] = `
<FlexContainerBasic
  flexColumn={true}
  hasPadding={true}
>
  <Content>
    <FlexContainerResponsive
      flexColumn={true}
      hasPadding={true}
    >
      <div>
        <H3>
          Stats
        </H3>
      </div>
      <H5>
        Please select an area:
      </H5>
      <ButtonGroup>
        <Button
          className="ml-0"
          dataTest="area-apps-btn"
          onClick={[Function]}
          type="button"
          variant="primary"
        >
          Apps
        </Button>
        <Button
          dataTest="area-developers-btn"
          onClick={[Function]}
          type="button"
          variant="secondary"
        >
          Developers
        </Button>
        <Button
          dataTest="area-installations-btn"
          onClick={[Function]}
          type="button"
          variant="secondary"
        >
          Installations
        </Button>
      </ButtonGroup>
      <H5>
        Please select a time range:
      </H5>
      <ButtonGroup>
        <Button
          className="ml-0"
          dataTest="range-week-btn"
          onClick={[Function]}
          type="button"
          variant="primary"
        >
          Last week
        </Button>
        <Button
          dataTest="range-month-btn"
          onClick={[Function]}
          type="button"
          variant="secondary"
        >
          Last Month
        </Button>
        <Button
          dataTest="range-all-btn"
          onClick={[Function]}
          type="button"
          variant="secondary"
        >
          All time
        </Button>
      </ButtonGroup>
      <H4>
        Showing results for ‘insert area selection’ and ‘insert time range selection’
      </H4>
    </FlexContainerResponsive>
  </Content>
</FlexContainerBasic>
`;
