// Jest Snapshot v1, https://goo.gl/fbAQLP

exports[`Analytics should match a snapshot 1`] = `
<Connect(ErrorBoundary)>
  <iframe
    height="100%"
    src="http://3.8.7.39/#/views/PipelineDemo2/ExecutiveSummary"
    style={
      Object {
        "border": "none",
      }
    }
    width="100%"
  />
</Connect(ErrorBoundary)>
`;
