// Jest Snapshot v1, https://goo.gl/fbAQLP

exports[`ClientSearch should match a snapshot 1`] = `
<Connect(ErrorBoundary)>
  <div>
    <h2
      className="title is-2"
    >
      Client Search
    </h2>
    <Formik
      enableReinitialize={false}
      initialValues={
        Object {
          "address": "",
          "identityCheck": "",
          "name": "",
        }
      }
      isInitialValid={false}
      onSubmit={[Function]}
      render={[Function]}
      validateOnBlur={true}
      validateOnChange={true}
    />
  </div>
</Connect(ErrorBoundary)>
`;
