// Jest Snapshot v1, https://goo.gl/fbAQLP

exports[`DeveloperSubmitApp should match a snapshot 1`] = `
<div>
  <div
    className="undefined container "
    data-test="app-input-form"
  >
    <h3
      className="title is3"
    >
      Submit App
    </h3>
    <Formik
      enableReinitialize={false}
      initialValues={
        Object {
          "description": "",
          "developerId": null,
          "homePage": "",
          "iconImageData": "",
          "launchUri": "",
          "name": "",
          "screen1ImageData": "",
          "screen2ImageData": "",
          "screen3ImageData": "",
          "screen4ImageData": "",
          "summary": "",
          "supportEmail": "",
          "telephone": "",
        }
      }
      isInitialValid={false}
      onSubmit={[MockFunction]}
      render={[Function]}
      validate={[Function]}
      validateOnBlur={true}
      validateOnChange={true}
    />
  </div>
</div>
`;
