// Jest Snapshot v1, https://goo.gl/fbAQLP

exports[`Developer should match a snapshot 1`] = `
<div
  className="container pt-5"
>
  <Connect(ErrorBoundary)>
    <div
      className="row"
    >
      <div
        className="col-12 col-sm-6 col-md-4 col-lg-3 mb-4"
        key="1"
      >
        <AppCard
          appName="string"
          developerId="string"
          developerName="string"
          displayImage="string"
          displayText="string"
          id="1"
        />
      </div>
    </div>
  </Connect(ErrorBoundary)>
</div>
`;
