// Jest Snapshot v1, https://goo.gl/fbAQLP

exports[`AdminApproval should match a snapshot 1`] = `
<Connect(ErrorBoundary)>
  <div>
    <Tabs
      tabConfigs={
        Array [
          Object {
            "active": false,
            "displayText": "List",
            "onTabClick": [Function],
            "tabIdentifier": "LIST",
          },
          Object {
            "active": false,
            "displayText": "Map",
            "onTabClick": [Function],
            "tabIdentifier": "MAP",
          },
        ]
      }
    />
  </div>
  <div
    style={
      Object {
        "display": "none",
      }
    }
  >
    <CurrentLocButtonWithConnect />
  </div>
  <Memo(AppointmentDetailWithRedux) />
</Connect(ErrorBoundary)>
`;
