// Jest Snapshot v1, https://goo.gl/fbAQLP

exports[`Home should match a snapshot 1`] = `
<div
  className="container"
>
  <h1
    className="h1"
  >
    React JS
  </h1>
  <ul
    className="nav"
  >
    <li
      className="nav-item"
    >
      <a
        className="nav-link"
        onClick={[MockFunction]}
      >
        Clear All
      </a>
    </li>
    <li
      className="nav-item"
    >
      <a
        className="nav-link"
        onClick={[MockFunction]}
      >
        Fetch All
      </a>
    </li>
    <li
      className="nav-item"
    >
      <Link
        className="nav-link"
        to="/item/"
      >
        Item Page
      </Link>
    </li>
  </ul>
  <div
    className="list-group"
  >
    <div
      key="someid"
    >
      <a
        className="list-group-item list-group-item-action"
        href="http://something.com"
        target="_blank"
      >
        Title
      </a>
    </div>
  </div>
</div>
`;
