// Jest Snapshot v1, https://goo.gl/fbAQLP

exports[`MyApps should match a snapshot 1`] = `
<div
  className="container"
>
  <Connect(ErrorBoundary)>
    <div
      className="columns isMultiLine"
      data-test="my-app-container"
    >
      <div
        className="column isMultiLine isHalfTablet isThirdDesktop isQuarterWidescreen isQuarterFullhd"
        key="1"
      >
        <AppCard
          appName="string"
          approved={false}
          developerId="string"
          developerName="string"
          displayImage="string"
          displayText="string"
          id="1"
        />
      </div>
    </div>
  </Connect(ErrorBoundary)>
</div>
`;
