// Jest Snapshot v1, https://goo.gl/fbAQLP

exports[`Register should match a snapshot 1`] = `
<div>
  <div
    className="undefined false"
  >
    <Formik
      enableReinitialize={false}
      initialValues={
        Object {
          "confirmPassword": "",
          "email": "",
          "firstName": "",
          "lastName": "",
          "password": "",
        }
      }
      isInitialValid={false}
      onSubmit={[Function]}
      render={[Function]}
      validate={[Function]}
      validateOnBlur={true}
      validateOnChange={true}
    />
  </div>
</div>
`;
