// Jest Snapshot v1, https://goo.gl/fbAQLP

exports[`Register should match a snapshot 1`] = `
<styled.div>
  <styled.div>
    <Formik
      enableReinitialize={false}
      initialValues={
        Object {
          "confirmPassword": "",
          "email": "",
          "firstName": "",
          "lastName": "",
          "password": "",
        }
      }
      isInitialValid={false}
      onSubmit={[Function]}
      render={[Function]}
      validate={[Function]}
      validateOnBlur={true}
      validateOnChange={true}
    />
    <div
      className="mt-4"
    >
      <Link
        to="/login"
      >
        Login
      </Link>
    </div>
  </styled.div>
</styled.div>
`;
