// Jest Snapshot v1, https://goo.gl/fbAQLP

exports[`Swagger should match a snapshot 1`] = `
<Connect(ErrorBoundary)>
  <div
    className="swagger"
  >
    <Loader />
    <div
      className="swagger-loading"
    >
      <SwaggerUI
        onComplete={[Function]}
        requestInterceptor={[Function]}
        url="https://6qngr3ic46.execute-api.eu-west-2.amazonaws.com/prod/swaggerdocs"
      />
    </div>
  </div>
</Connect(ErrorBoundary)>
`;
