// Jest Snapshot v1, https://goo.gl/fbAQLP

exports[`WebComponents should match a snapshot 1`] = `
<FlexContainerBasic
  flexColumn={true}
  hasPadding={true}
>
  <Content>
    <FlexContainerResponsive
      flexColumn={true}
      hasBackground={true}
      hasPadding={true}
    >
      <H3>
        Web Components
      </H3>
      <p>
        In addition to the Elements React component toolkit, Reapit offer a number of other downloadable Front End Resources.
      </p>
      <p>
        These may be modular blocks of functionality that can be embedded within your site, toolsets or even CMS friendly bundles of scripts available elsewhere.
      </p>
      <H4>
        Search Widget
      </H4>
      <p>
        The search widget is an embeddable React Widget, that renders a search box, fetching data from the Properties service. On search, the widget will render a list of matching properties and plot them on a Google Map.
      </p>
      <p>
        To embed the widget on your page, you need to add the script link to our CDN (
        <a
          href="#"
          id="https://web-components.reapit.com/search-widget.js"
          onClick={[Function]}
        >
          click here to copy to clipboard
        </a>
        ):
      </p>
      <pre>
        <code>
          &lt;script src="https://web-components.reapit.com/search-widget.js"&gt;&lt;/script&gt;
        </code>
      </pre>
      <p>
        The widget is themeable and any of the below default options can be overridden by editing the theme.js file and updating the theme object in the below example (
        <a
          href="#"
          id="window.addEventListener(\\"load\\", function() {
  if (window.initReapitSearchWidget) {
    window.initReapitSearchWidget({
      theme: {
        base: {
          font: {
            family: \\"'Open Sans', sans-serif\\"
          }
        },
        colors: {
          primary: \\"#00a569\\",
          secondary: \\"#828085\\"
        }
      }
    });
  }
});
"
          onClick={[Function]}
        >
          click here to copy to clipboard
        </a>
        ):
      </p>
      <pre>
        <code>
          window.addEventListener("load", function() {
  if (window.initReaptSearchWidget) {
    window.initReaptSearchWidget({
      API_KEY: "EXAMPLE_AP_KEY",
      theme: {
        base: {
          font: {
            family: "'Open Sans', sans-serif",
          }
        },
        colors: {
          primary: '#00a569',
          secondary: '#828085'
        }
      }
    });
  }
});
        </code>
      </pre>
      <p>
        You can also download these scripts as bundle from the below link:
      </p>
      <p>
        <a
          className="button is-info"
          download={true}
          href="https://reapit-demo-site.s3.eu-west-2.amazonaws.com/search-widget.zip"
        >
          Download Search Widget
        </a>
      </p>
      <H4>
        Elements
      </H4>
      <p>
        The Elements UI toolkit you can browse 
        <Link
          to="/developer/elements"
        >
          here
        </Link>
         is available as an NPM package. We also support an AMD (require.js), version that may suit your needs better, especially when serving content from a CDN or CMS.
      </p>
      <p>
        <a
          className="button is-info"
          download={true}
          href="https://reapit-app-store-webcomponents.s3.eu-west-2.amazonaws.com/elements-v0.4.53.zip"
        >
          Download Elements
        </a>
      </p>
      <H4>
        Type Definitions
      </H4>
      <p>
        If you are using TypeScript (and we recommend you do!), for your front end project, we provide full type definitions for the API documented in the 
        <Link
          to="/developer/swagger"
        >
          API explorer
        </Link>
        . We generate these types from the Swagger contracts direct so you can be sure that when the API changes, your types will be updated also. This allows for a much closer alignment between front and back end development and ultimately more robust applications.
      </p>
      <p>
        <a
          className="button is-info"
          download={true}
          href="https://reapit-app-store-webcomponents.s3.eu-west-2.amazonaws.com/foundations-type-definitions.zip"
        >
          Download foundations.d.ts
        </a>
      </p>
    </FlexContainerResponsive>
  </Content>
</FlexContainerBasic>
`;
