// Jest Snapshot v1, https://goo.gl/fbAQLP

exports[`Router should match a snapshot 1`] = `
<BrowserRouter>
  <Route
    exact={true}
    path="/"
    render={[Function]}
  />
  <Route
    path="/item/"
    render={[Function]}
  />
  <Route
    exact={true}
    path="/login"
    render={[Function]}
  />
  <Route
    exact={true}
    path="/register"
    render={[Function]}
  />
  <Connect(Component)
    component={
      Object {
        "$$typeof": Symbol(react.forward_ref),
        "load": [Function],
        "preload": [Function],
        "render": [Function],
      }
    }
    exact={true}
    path="/client"
  />
</BrowserRouter>
`;
