// Jest Snapshot v1, https://goo.gl/fbAQLP

exports[`Router should match a snapshot 1`] = `
<Router
  history={
    Object {
      "action": "POP",
      "block": [Function],
      "createHref": [Function],
      "go": [Function],
      "goBack": [Function],
      "goForward": [Function],
      "length": 1,
      "listen": [Function],
      "location": Object {
        "hash": "",
        "pathname": "/",
        "search": "",
      },
      "push": [Function],
      "replace": [Function],
    }
  }
>
  <Suspense
    fallback={null}
  >
    <Switch>
      <Route
        exact={true}
        path={
          Array [
            "/client/login",
            "/developer/login",
            "/admin/login",
          ]
        }
        render={[Function]}
      />
      <Route
        component={
          Object {
            "$$typeof": Symbol(react.lazy),
            "_ctor": [Function],
            "_result": null,
            "_status": -1,
          }
        }
        path="/developer/reset-password"
      />
      <Route
        exact={true}
        path="/register"
        render={[Function]}
      />
      <Route
        component={
          Object {
            "$$typeof": Symbol(react.lazy),
            "_ctor": [Function],
            "_result": null,
            "_status": -1,
          }
        }
        path="/developer/forgot-password"
      />
      <Route
        exact={true}
        path="/404"
        render={[Function]}
      />
      <withRouter(Connect(Component))
        path="/"
      >
        <Switch>
          <Connect(Component)
            allow="CLIENT"
            component={
              Object {
                "$$typeof": Symbol(react.lazy),
                "_ctor": [Function],
                "_result": null,
                "_status": -1,
              }
            }
            fetcher={true}
            path="/client/installed/:page"
          />
          <Connect(Component)
            allow="CLIENT"
            component={
              Object {
                "$$typeof": Symbol(react.lazy),
                "_ctor": [Function],
                "_result": null,
                "_status": -1,
              }
            }
            exact={true}
            fetcher={true}
            path="/client/installed"
          />
          <Connect(Component)
            allow="CLIENT"
            component={
              Object {
                "$$typeof": Symbol(react.lazy),
                "_ctor": [Function],
                "_result": null,
                "_status": -1,
              }
            }
            exact={true}
            fetcher={true}
            path="/client/apps"
          />
          <Connect(Component)
            allow="DEVELOPER"
            component={
              Object {
                "$$typeof": Symbol(react.lazy),
                "_ctor": [Function],
                "_result": null,
                "_status": -1,
              }
            }
            exact={true}
            fetcher={true}
            path="/developer/apps"
          />
          <Connect(Component)
            allow="DEVELOPER"
            component={
              Object {
                "$$typeof": Symbol(react.lazy),
                "_ctor": [Function],
                "_result": null,
                "_status": -1,
              }
            }
            exact={true}
            fetcher={true}
            path="/developer/apps/:page"
          />
          <Connect(Component)
            allow="DEVELOPER"
            component={
              Object {
                "$$typeof": Symbol(react.lazy),
                "_ctor": [Function],
                "_result": null,
                "_status": -1,
              }
            }
            exact={true}
            fetcher={true}
            path="/developer/apps/:appid/edit"
          />
          <Connect(Component)
            allow="DEVELOPER"
            component={
              Object {
                "$$typeof": Symbol(react.lazy),
                "_ctor": [Function],
                "_result": null,
                "_status": -1,
              }
            }
            fetcher={true}
            path="/developer/submit-app"
          />
          <Connect(Component)
            allow="DEVELOPER"
            component={
              Object {
                "$$typeof": Symbol(react.lazy),
                "_ctor": [Function],
                "_result": null,
                "_status": -1,
              }
            }
            exact={true}
            path="/developer/api-docs"
          />
          <Connect(Component)
            allow="DEVELOPER"
            component={
              Object {
                "$$typeof": Symbol(react.lazy),
                "_ctor": [Function],
                "_result": null,
                "_status": -1,
              }
            }
            exact={true}
            path="/developer/swagger"
          />
          <Connect(Component)
            allow="DEVELOPER"
            component={
              Object {
                "$$typeof": Symbol(react.lazy),
                "_ctor": [Function],
                "_result": null,
                "_status": -1,
              }
            }
            exact={true}
            path="/developer/elements"
          />
          <Connect(Component)
            allow="DEVELOPER"
            component={
              Object {
                "$$typeof": Symbol(react.lazy),
                "_ctor": [Function],
                "_result": null,
                "_status": -1,
              }
            }
            exact={true}
            path="/developer/desktop-docs"
          />
          <Connect(Component)
            allow="DEVELOPER"
            component={
              Object {
                "$$typeof": Symbol(react.lazy),
                "_ctor": [Function],
                "_result": null,
                "_status": -1,
              }
            }
            exact={true}
            path="/developer/web-components"
          />
          <Connect(Component)
            allow="DEVELOPER"
            component={
              Object {
                "$$typeof": Symbol(react.lazy),
                "_ctor": [Function],
                "_result": null,
                "_status": -1,
              }
            }
            exact={true}
            fetcher={true}
            path="/developer/settings"
          />
          <Connect(Component)
            allow="ADMIN"
            component={
              Object {
                "$$typeof": Symbol(react.lazy),
                "_ctor": [Function],
                "_result": null,
                "_status": -1,
              }
            }
            exact={true}
            fetcher={true}
            path="/admin/approvals"
          />
          <Connect(Component)
            allow="ADMIN"
            component={
              Object {
                "$$typeof": Symbol(react.lazy),
                "_ctor": [Function],
                "_result": null,
                "_status": -1,
              }
            }
            fetcher={true}
            path="/admin/approvals/:page"
          />
          <Connect(Component)
            allow="ADMIN"
            component={
              Object {
                "$$typeof": Symbol(react.lazy),
                "_ctor": [Function],
                "_result": null,
                "_status": -1,
              }
            }
            exact={true}
            path="/admin/apps"
          />
          <Route
            render={[Function]}
          />
        </Switch>
      </withRouter(Connect(Component))>
      <Redirect
        to="/client/login"
      />
    </Switch>
  </Suspense>
</Router>
`;
