// Jest Snapshot v1, https://goo.gl/fbAQLP

exports[`pagination it matches a snapshot 1`] = `
<body>
  <div>
    <div
      class="search-form-pagination svelte-109aysm"
    >
      <a
        class=" svelte-109aysm"
        data-testid="first-page"
        href="/"
      >
        &lt;&lt;
      </a>
       
      <a
        class=" svelte-109aysm"
        data-testid="prev-page"
        href="/"
      >
        1
      </a>
       
      <a
        class=" svelte-109aysm"
        data-testid="current-page"
        href="/"
      >
        2
      </a>
       
      <a
        class=" svelte-109aysm"
        data-testid="next-page"
        href="/"
      >
        3
      </a>
       
      <a
        class=" svelte-109aysm"
        data-testid="last-page"
        href="/"
      >
        &gt;&gt;
      </a>
    </div>
  </div>
</body>
`;
