// Jest Snapshot v1, https://goo.gl/fbAQLP

exports[`secondary identification forms SecondaryIdentification should render correctly 1`] = `
<Component
  data={Object {}}
  loading={false}
  onNextHandler={[MockFunction]}
  onPrevHandler={[MockFunction]}
  onSaveHandler={[MockFunction]}
  title="Secondary ID"
/>
`;
