// Jest Snapshot v1, https://goo.gl/fbAQLP

exports[`AMLProgressBar AMLProgressBar should match snapshot 1`] = `
<div>
  <h1>
    Mock title
  </h1>
  <div
    className="mb-1"
  >
    <ProgressBar
      percentage={50}
    />
  </div>
  <div>
    2
    /
    7
     
    <span>
      Completed
    </span>
  </div>
</div>
`;
