// Jest Snapshot v1, https://goo.gl/fbAQLP

exports[`AMLProgressBar AMLProgressBar should match snapshot 1`] = `
<div>
  <H3>
    Mock title
  </H3>
  <div
    className="mb-1"
  >
    <ProgressBar
      percentage={37}
    />
  </div>
  <div>
    3
    /
    8
     
    <span>
      Completed
    </span>
  </div>
</div>
`;
