// Jest Snapshot v1, https://goo.gl/fbAQLP

exports[`AppDetailModal should match a snapshot when appInstallFormState = DONE 1`] = `
<div>
  <h3
    className="title is3 undefined"
  >
    Permissions Required
  </h3>
  <h6>
    mockAppName
     requires the following permissions to integrate with the platform. By installing you are consenting to the the following:
  </h6>
  <ul>
    <li
      key="tets"
    >
      test
    </li>
  </ul>
  <div>
    <Button
      dataTest="btnInstall"
      onClick={[MockFunction]}
      type="button"
      variant="primary"
    >
      Install
    </Button>
    <Button
      onClick={[Function]}
      type="button"
      variant="danger"
    >
      Dismiss
    </Button>
  </div>
</div>
`;

exports[`AppDetailModal should match a snapshot when appInstallFormState = ERROR 1`] = `
<div>
  <h3
    className="title is3 undefined"
  >
    Permissions Required
  </h3>
  <h6>
    mockAppName
     requires the following permissions to integrate with the platform. By installing you are consenting to the the following:
  </h6>
  <ul>
    <li
      key="tets"
    >
      test
    </li>
  </ul>
  <div>
    <Button
      dataTest="btnInstall"
      onClick={[MockFunction]}
      type="button"
      variant="primary"
    >
      Install
    </Button>
    <Button
      onClick={[Function]}
      type="button"
      variant="danger"
    >
      Dismiss
    </Button>
  </div>
</div>
`;

exports[`AppDetailModal should match a snapshot when appInstallFormState = PENDING 1`] = `
<div>
  <h3
    className="title is3 undefined"
  >
    Permissions Required
  </h3>
  <h6>
    mockAppName
     requires the following permissions to integrate with the platform. By installing you are consenting to the the following:
  </h6>
  <ul>
    <li
      key="tets"
    >
      test
    </li>
  </ul>
  <div>
    <Button
      dataTest="btnInstall"
      onClick={[MockFunction]}
      type="button"
      variant="primary"
    >
      Install
    </Button>
    <Button
      onClick={[Function]}
      type="button"
      variant="danger"
    >
      Dismiss
    </Button>
  </div>
</div>
`;

exports[`AppDetailModal should match a snapshot when appInstallFormState = SUBMITTING 1`] = `
<div>
  <h3
    className="title is3 undefined"
  >
    Permissions Required
  </h3>
  <h6>
    mockAppName
     requires the following permissions to integrate with the platform. By installing you are consenting to the the following:
  </h6>
  <ul>
    <li
      key="tets"
    >
      test
    </li>
  </ul>
  <div>
    <Button
      dataTest="btnInstall"
      onClick={[MockFunction]}
      type="button"
      variant="primary"
    >
      Install
    </Button>
    <Button
      onClick={[Function]}
      type="button"
      variant="danger"
    >
      Dismiss
    </Button>
  </div>
</div>
`;

exports[`AppDetailModal should match a snapshot when appInstallFormState = SUCCESS 1`] = `
<div>
  <h3
    className="title is3 undefined"
  >
    Permissions Required
  </h3>
  <h6>
    mockAppName
     requires the following permissions to integrate with the platform. By installing you are consenting to the the following:
  </h6>
  <ul>
    <li
      key="tets"
    >
      test
    </li>
  </ul>
  <div>
    <Button
      dataTest="btnInstall"
      onClick={[MockFunction]}
      type="button"
      variant="primary"
    >
      Install
    </Button>
    <Button
      onClick={[Function]}
      type="button"
      variant="danger"
    >
      Dismiss
    </Button>
  </div>
</div>
`;
