// Jest Snapshot v1, https://goo.gl/fbAQLP

exports[`AppCard should match a snapshot 1`] = `
<div
  className="undefined undefined"
>
  <div>
    <figure
      className="undefined undefined"
    >
      <img
        alt="My app"
        src="https://bulma.io/images/placeholders/1280x960.png"
      />
    </figure>
  </div>
  <div>
    <div>
      <div>
        <figure
          className="undefined undefined"
        >
          <img
            alt="My app"
            src="https://bulma.io/images/placeholders/96x96.png"
          />
        </figure>
      </div>
      <div>
        <p
          className="undefined undefined"
        >
          My app
        </p>
        <p
          className="undefined undefined"
        >
          John Doe
        </p>
      </div>
    </div>
    <div>
      Lorem ipsum dolor sit amet, consectetur adipiscing elit.
    </div>
  </div>
</div>
`;
