// Jest Snapshot v1, https://goo.gl/fbAQLP

exports[`AppList should match a snapshot 1`] = `
<div
  className="container isRelative undefined"
  data-test="app-list-container"
>
  <div
    className="columns isMultiLine "
  >
    <div
      className="column isMultiLine isHalfTablet isThirdDesktop isQuarterWidescreen isQuarterFullhd"
      key="09043eb8-9e5e-4650-b7f1-f0cb62699027"
    >
      <AppCard
        app={
          Object {
            "developer": "Pete's Proptech World Ltd",
            "developerId": "28c9ea52-7f73-4814-9e00-4e3714b8adeb",
            "homePage": "http://google.com/abc",
            "iconUri": "https://reapit-app-store-app-media.s3.eu-west-2.amazonaws.com/d10e790c-2bf2-40ae-9c43-82c1534bde31.png",
            "id": "09043eb8-9e5e-4650-b7f1-f0cb62699027",
            "links": Array [
              Object {
                "action": "GET",
                "href": "http://platformdemo.reapit.net/marketplace/apps/09043eb8-9e5e-4650-b7f1-f0cb62699027",
                "rel": "self",
              },
              Object {
                "action": "GET",
                "href": "http://platformdemo.reapit.net/marketplace/developers/28c9ea52-7f73-4814-9e00-4e3714b8adeb",
                "rel": "developer",
              },
            ],
            "name": "test",
            "summary": "nXXT2zaK807ysWgy8F0WEhIYRP3TgosAtfuiLtQCImoSx0kynxbIF0nkGHU36Oz13kM3DG0Bcsicr8L6eWFKLBg4axlmiOEWcvwHAbBP9LRvoFkCl58k1wjhOExnpaZItEyOT1AXVKv8PE44aMGtVz",
          }
        }
        onClick={[Function]}
      />
    </div>
    <div
      className="column isMultiLine isHalfTablet isThirdDesktop isQuarterWidescreen isQuarterFullhd"
      key="261da083-cee2-4f5c-a18f-8f9375f1f5af"
    >
      <AppCard
        app={
          Object {
            "developer": "Pete's Proptech World Ltd",
            "developerId": "28c9ea52-7f73-4814-9e00-4e3714b8adeb",
            "homePage": "http://www.contoso.com/path",
            "iconUri": "https://reapit-app-store-app-media.s3.eu-west-2.amazonaws.com/1d38c5ec-e3c0-4138-9fe0-e77bce4034d1.octet-stream",
            "id": "261da083-cee2-4f5c-a18f-8f9375f1f5af",
            "links": Array [
              Object {
                "action": "GET",
                "href": "http://platformdemo.reapit.net/marketplace/apps/261da083-cee2-4f5c-a18f-8f9375f1f5af",
                "rel": "self",
              },
              Object {
                "action": "GET",
                "href": "http://platformdemo.reapit.net/marketplace/developers/28c9ea52-7f73-4814-9e00-4e3714b8adeb",
                "rel": "developer",
              },
            ],
            "name": "asd",
            "summary": "asdQiiAJTmXGxPin7pwUiCsepZWXz1EJS71eGlvgPKH4hpE6J8DRDpzP2kDdOwpQPr4aHCCwWwxBJwzARLa7wMpJh5J61GhmQjLfKZkcDd47L9WEfQYVYAj0DTPJP0BuUMAAg2",
          }
        }
        onClick={[Function]}
      />
    </div>
  </div>
</div>
`;
