// Jest Snapshot v1, https://goo.gl/fbAQLP

exports[`AppCard should match a snapshot 1`] = `
<div
  className="card undefined"
  data-test="app-card"
>
  <div
    className="cardImage"
  >
    <figure
      className="image is4by3"
    >
      <img
        alt="My app"
        src="https://bulma.io/images/placeholders/1280x960.png"
      />
    </figure>
  </div>
  <div
    className="cardContent"
  >
    <div
      className="media"
    >
      <div
        className="mediaLeft"
      >
        <figure
          className="image is48x48"
        >
          <img
            alt="My app"
            src="https://bulma.io/images/placeholders/96x96.png"
          />
        </figure>
      </div>
      <div
        className="mediaContent"
      >
        <p
          className="title is4"
        >
          My app
        </p>
        <p
          className="subtitle is6"
        >
          John Doe
        </p>
      </div>
    </div>
    <div
      className="content"
    >
      Lorem ipsum dolor sit amet, consectetur adipiscing elit.
    </div>
  </div>
</div>
`;
