// Jest Snapshot v1, https://goo.gl/fbAQLP

exports[`AppDetailModalInner should match a snapshot when LOADING true 1`] = `
<Fragment>
  <div
    className="media"
  >
    <div
      className="mediaLeft"
    >
      <figure
        className="image is128x128"
      >
        <img
          src="https://reapit-app-store-app-media.s3.eu-west-2.amazonaws.com/7d88729f-2366-4561-9d5c-282615f3946b.jpeg"
        />
      </figure>
    </div>
    <div
      className="mediaContent"
    >
      <div
        className="content"
      >
        <div>
          <h3
            className="is3"
            style={
              Object {
                "marginBottom": 0,
              }
            }
          >
            Peter's Properties
          </h3>
          <p>
            <small
              className="has-text-link"
            >
              Pete's Proptech World Ltd
            </small>
          </p>
        </div>
        <p>
          vitae elementum curabitur vitae nunc sed velit eget gravida cum sociis natoque!!
        </p>
        <a
          onClick={[Function]}
        >
          Install App
        </a>
      </div>
    </div>
  </div>
  <div>
    <Slider
      dots={false}
      nextArrow={
        <SlickButtonNav>
          <ChevronLeft />
        </SlickButtonNav>
      }
      prevArrow={
        <SlickButtonNav>
          <ChevronLeft />
        </SlickButtonNav>
      }
      speed={500}
      variableWidth={true}
    >
      <div
        key="0"
      >
        <img
          src="https://reapit-app-store-app-media.s3.eu-west-2.amazonaws.com/c4a36706-aa44-47f9-9fb6-9053eef4e581.png"
        />
      </div>
      <div
        key="1"
      >
        <img
          src="https://reapit-app-store-app-media.s3.eu-west-2.amazonaws.com/65bd3b97-e78c-41cd-b75f-e06e1d2f00df.png"
        />
      </div>
    </Slider>
  </div>
  <br />
  <p>
    enim facilisis gravida neque convallis a cras semper auctor neque vitae tempus quam pellentesque nec nam aliquam sem et tortor consequat id porta nibh venenatis cras sed felis eget velit aliquet sagittis id consectetur purus ut faucibus pulvinar elementum integer enim neque volutpat ac tincidunt vitae semper quis lectus nulla at volutpat diam ut venenatis tellus in metus vulputate eu scelerisque felis imperdiet proin fermentum leo vel orci porta non pulvinar neque laoreet suspendisse interdum co
  </p>
</Fragment>
`;
