// Jest Snapshot v1, https://goo.gl/fbAQLP

exports[`CallToAction should match a snapshot 1`] = `
<div
  className=""
  data-test=""
>
  <Alert
    className="mb-0"
    message="My title"
    type="success"
  />
  <div>
    <p />
    <AcButton
      buttonProps={
        Object {
          "dataTest": "",
          "onClick": undefined,
          "type": "button",
          "variant": "primary",
        }
      }
    >
      My button
    </AcButton>
  </div>
</div>
`;
