// Jest Snapshot v1, https://goo.gl/fbAQLP

exports[`DeveloperAppModalInner should match a snapshot when ERROR true 1`] = `
<Alert
  message="Failed to fetch. Please try later."
  type="danger"
/>
`;

exports[`DeveloperAppModalInner should match a snapshot when LOADING false 1`] = `
<Fragment>
  <div
    className=""
  >
    <Connect(Component)
      data={
        Object {
          "description": "enim facilisis gravida neque convallis a cras semper auctor neque vitae tempus quam pellentesque nec nam aliquam sem et tortor consequat id porta nibh venenatis cras sed felis eget velit aliquet sagittis id consectetur purus ut faucibus pulvinar elementum integer enim neque volutpat ac tincidunt vitae semper quis lectus nulla at volutpat diam ut venenatis tellus in metus vulputate eu scelerisque felis imperdiet proin fermentum leo vel orci porta non pulvinar neque laoreet suspendisse interdum co",
          "developer": "Pete's Proptech World Ltd",
          "homePage": "http://myawesomeproptechproduct.io",
          "id": "9b6fd5f7-2c15-483d-b925-01b650538e52",
          "installationId": "7b2517b3-aad3-4ad8-b31c-988a4b3d112d",
          "media": Array [
            Object {
              "description": "Application Icon",
              "type": "icon",
              "uri": "https://reapit-app-store-app-media.s3.eu-west-2.amazonaws.com/7d88729f-2366-4561-9d5c-282615f3946b.jpeg",
            },
            Object {
              "description": "Application Image",
              "type": "image",
              "uri": "https://reapit-app-store-app-media.s3.eu-west-2.amazonaws.com/c4a36706-aa44-47f9-9fb6-9053eef4e581.png",
            },
            Object {
              "description": "Application Image",
              "type": "image",
              "uri": "https://reapit-app-store-app-media.s3.eu-west-2.amazonaws.com/65bd3b97-e78c-41cd-b75f-e06e1d2f00df.png",
            },
          ],
          "name": "Peter's Properties",
          "summary": "vitae elementum curabitur vitae nunc sed velit eget gravida cum sociis natoque!!",
          "supportEmail": "support@reapit.com",
          "telephone": "0113 288 2900",
        }
      }
    />
    <div
      className="mt-5 flex justify-end"
    >
      <Button
        onClick={[Function]}
        type="button"
        variant="primary"
      >
        Edit Detail
      </Button>
    </div>
  </div>
</Fragment>
`;

exports[`DeveloperAppModalInner should match a snapshot when LOADING true 1`] = `<Loader />`;
