// Jest Snapshot v1, https://goo.gl/fbAQLP

exports[`DeveloperAppModalInner should match a snapshot when ERROR true 1`] = `
<Alert
  message="Failed to fetch. Please try later."
  type="danger"
/>
`;

exports[`DeveloperAppModalInner should match a snapshot when LOADING false 1`] = `<div />`;

exports[`DeveloperAppModalInner should match a snapshot when LOADING true 1`] = `<Loader />`;
