// Jest Snapshot v1, https://goo.gl/fbAQLP

exports[`Header should match a snapshot 1`] = `
<nav
  className="navbar isPrimary"
>
  <div
    className="navbarBrand"
  >
    <a
      className="navbarItem undefined"
      href="#"
    >
      <Logo
        height="65px"
        width="150px"
      />
      <span>
        Foundations
      </span>
    </a>
  </div>
  <div
    className="navbarStart"
  >
    <Link
      className="navbarItem"
      key="/client"
      to="/client"
    >
      Browse Apps
    </Link>
    <Link
      className="navbarItem"
      key="/client/my-apps"
      to="/client/my-apps"
    >
      Installed Apps
    </Link>
  </div>
  <div
    className="navbarEnd"
  >
    <div
      className="navbarItem hasDropdown "
    >
      <a
        className="navbarLink"
        data-test="account-menu"
        onClick={[Function]}
      >
        Account
      </a>
      <div
        className="navbarDropdown isRight"
      >
        <a
          className="navbarItem"
        >
          Option
        </a>
        <a
          className="navbarItem"
        >
          Option
        </a>
        <hr
          className="navbarDivider"
        />
        <a
          className="navbarItem"
          data-test="logout-cta"
          onClick={[Function]}
        >
          Logout
        </a>
      </div>
    </div>
  </div>
</nav>
`;
