// Jest Snapshot v1, https://goo.gl/fbAQLP

exports[`Header should match a snapshot 1`] = `
<nav
  className="undefined undefined"
>
  <div>
    <a
      className="undefined undefined"
      href="#"
    >
      <Logo
        className="mr-2"
        height="25px"
        width="20px"
      />
      <span>
        Foundations
      </span>
    </a>
  </div>
  <div>
    <Link
      key="/client"
      to="/client"
    >
      Browse Apps
    </Link>
    <Link
      key="/client/my-apps"
      to="/client/my-apps"
    >
      Installed Apps
    </Link>
  </div>
  <div>
    <div
      className="undefined undefined "
    >
      <a
        data-test="account-menu"
        onClick={[Function]}
      >
        Account
      </a>
      <div
        className="undefined undefined"
      >
        <a>
          Option
        </a>
        <a>
          Option
        </a>
        <hr />
        <a
          data-test="logout-cta"
          onClick={[Function]}
        >
          Logout
        </a>
      </div>
    </div>
  </div>
</nav>
`;
