// Jest Snapshot v1, https://goo.gl/fbAQLP

exports[`InstalledAppCard should match a snapshot 1`] = `
<div>
  <div
    id="installed-card-icon"
    onClick={[MockFunction]}
  >
    <img
      alt="iconUri"
      src="https://reapit-app-store-app-media.s3.eu-west-2.amazonaws.com/d10e790c-2bf2-40ae-9c43-82c1534bde31.png"
    />
  </div>
  <p>
    test
  </p>
</div>
`;
