// Jest Snapshot v1, https://goo.gl/fbAQLP

exports[`MapPanel should match a snapshot when invalid LAT, LONG 1`] = `""`;

exports[`MapPanel should match a snapshot when valid LAT, LONG 1`] = `
<div
  className="undefined "
>
  <div>
    <p
      className="is-size-4"
    >
      15 mins
    </p>
    <p>
      3 miles
    </p>
  </div>
  <div>
    <Button
      className="is-medium"
      onClick={[Function]}
      type="button"
      variant="info"
    >
      Start Journey
    </Button>
  </div>
  <div>
    <Button
      className="is-medium"
      onClick={[MockFunction]}
      type="button"
      variant="info"
    >
      Today
    </Button>
  </div>
</div>
`;
