// Jest Snapshot v1, https://goo.gl/fbAQLP

exports[`Menu should match a snapshot 1`] = `
<Component
  defaultActiveKey="Apps"
  homeUrl="/home"
  location={
    Object {
      "pathname": "/client",
    }
  }
  logo={<Logo />}
  menu={
    Array [
      Object {
        "key": "Apps",
        "subMenu": Array [
          Object {
            "key": "/client/apps",
            "title": "Browse Apps",
            "toUrl": "/client/apps",
          },
          Object {
            "key": "/client/installed",
            "title": "Installed Apps",
            "toUrl": "/client/installed",
          },
        ],
        "title": "Apps",
      },
      Object {
        "key": "Account",
        "subMenu": Array [
          Object {
            "callback": [Function],
            "key": "/logout",
            "title": "Logout",
          },
        ],
        "title": "Account",
      },
    ]
  }
  title="Foundations"
/>
`;
