// Jest Snapshot v1, https://goo.gl/fbAQLP

exports[`Section renderCompletedCheckMark should match snapshot when isCompleted false 1`] = `<div />`;

exports[`Section renderCompletedCheckMark should match snapshot when isCompleted true 1`] = `
<div>
  <div>
    <span>
      <TiTick />
    </span>
    <span>
      Completed
    </span>
  </div>
</div>
`;

exports[`Section should match snapshot 1`] = `
<div>
  <a
    onClick={[Function]}
  >
    Personal Details
  </a>
  <div>
    <Button
      onClick={[Function]}
      type="button"
      variant="primary"
    >
      Edit
    </Button>
  </div>
</div>
`;
