// Jest Snapshot v1, https://goo.gl/fbAQLP

exports[`Tabs should match a snapshot 1`] = `
<div
  className="undefined undefined undefined undefined"
  role="tablist"
>
  <ul>
    <li
      className="undefined"
      key="CLIENT"
    >
      <a
        aria-controls="CLIENT"
        aria-selected={true}
        href="#CLIENT"
        id="CLIENT"
        onClick={[Function]}
        role="tab"
      >
        I am a client
      </a>
    </li>
    <li
      className=""
      key="DEVELOPER"
    >
      <a
        aria-controls="DEVELOPER"
        aria-selected={false}
        href="#DEVELOPER"
        id="DEVELOPER"
        onClick={[Function]}
        role="tab"
      >
        I am a developer
      </a>
    </li>
  </ul>
</div>
`;
