// Jest Snapshot v1, https://goo.gl/fbAQLP

exports[`Toggle should match a snapshot 1`] = `
<Fragment>
  <label>
    <input
      checked={true}
      onChange={[MockFunction]}
      type="checkbox"
    />
    <div>
      <div>
        <span />
        <span />
      </div>
      <svg>
        <use
          xlinkHref="#path"
        />
      </svg>
      <svg>
        <use
          xlinkHref="#path"
        />
      </svg>
    </div>
  </label>
  <svg
    style={
      Object {
        "display": "none",
      }
    }
    xmlns="http://www.w3.org/2000/svg"
  >
    <symbol
      id="path"
      viewBox="0 0 44 44"
      xmlns="http://www.w3.org/2000/svg"
    >
      <path
        d="M22,22 L2,22 C2,11 11,2 22,2 C33,2 42,11 42,22"
      />
    </symbol>
  </svg>
</Fragment>
`;
