// Jest Snapshot v1, https://goo.gl/fbAQLP

exports[`TravelMode should match a snapshot 1`] = `
<ButtonGroup>
  <Button
    className="is-selected is-primary is-active"
    onClick={[Function]}
    type="button"
    variant="secondary"
  >
    Car
  </Button>
  <Button
    className=""
    onClick={[Function]}
    type="button"
    variant="secondary"
  >
    Walk
  </Button>
</ButtonGroup>
`;
