// Jest Snapshot v1, https://goo.gl/fbAQLP

exports[`TravelMode should match a snapshot 1`] = `
<div
  className="isCentered buttons hasAddons"
>
  <span
    className="button isSelected isActive isPrimary"
    onClick={[Function]}
  >
    Car
  </span>
  <span
    className="button"
    onClick={[Function]}
  >
    Walk
  </span>
</div>
`;
