// Jest Snapshot v1, https://goo.gl/fbAQLP

exports[`PropertyDetailWidget it matches a snapshot 1`] = `
<body>
  <div>
    <div />
     
    <div
      class="loader-spinner-container svelte-14p0tdd"
    >
      <div
        class="loader-spinner svelte-14p0tdd"
      >
        <div
          class="svelte-14p0tdd"
        />
         
        <div
          class="svelte-14p0tdd"
        />
         
        <div
          class="svelte-14p0tdd"
        />
         
        <div
          class="svelte-14p0tdd"
        />
      </div>
    </div>
    
  </div>
</body>
`;
