// Jest Snapshot v1, https://goo.gl/fbAQLP

exports[`Map Should match snapshot 1`] = `
<Fragment>
  <div
    className="undefined  "
  >
    <Map
      autoFitBounds={true}
      coordinates={
        Array [
          Object {
            "address": Object {
              "buildingName": "",
              "buildingNumber": "56",
              "country": "GB",
              "geolocation": Object {
                "latitude": 52.079532,
                "longitude": -0.790871,
              },
              "line1": "High Street",
              "line2": "The Stables",
              "line3": "Old Haversham",
              "line4": "Milton Keynes",
              "postcode": "MK19 7DZ",
            },
            "id": "NEP1600290",
            "position": Object {
              "lat": 52.079532,
              "lng": -0.790871,
            },
          },
          Object {
            "address": Object {
              "buildingName": "Cornerways",
              "buildingNumber": "68",
              "country": "GB",
              "geolocation": Object {
                "latitude": 52.135071,
                "longitude": -0.45936,
              },
              "line1": "The Embankment",
              "line2": "Bedford",
              "line3": "Bedfordshire",
              "line4": "",
              "postcode": "MK40 3PD",
            },
            "id": "BED1600537",
            "position": Object {
              "lat": 52.135071,
              "lng": -0.45936,
            },
          },
          Object {
            "address": Object {
              "buildingName": "The Pines",
              "buildingNumber": "34",
              "country": "GB",
              "geolocation": Object {
                "latitude": 51.924759,
                "longitude": -0.929362,
              },
              "line1": "Sandhill Road",
              "line2": "East Claydon",
              "line3": "Buckingham",
              "line4": "Buckinghamshire",
              "postcode": "MK18 2LZ",
            },
            "id": "BUC1600211",
            "position": Object {
              "lat": 51.924759,
              "lng": -0.929362,
            },
          },
          Object {
            "address": Object {
              "buildingName": "Wayside",
              "buildingNumber": "",
              "country": "GB",
              "geolocation": Object {
                "latitude": 51.989592,
                "longitude": -1.06774,
              },
              "line1": "Little Tingewick",
              "line2": "Buckingham",
              "line3": "Buckinghamshire",
              "line4": "",
              "postcode": "MK18 4AG",
            },
            "id": "BUC1600210",
            "position": Object {
              "lat": 51.989592,
              "lng": -1.06774,
            },
          },
          Object {
            "address": Object {
              "buildingName": "",
              "buildingNumber": "56",
              "country": "GB",
              "geolocation": Object {
                "latitude": 52.079532,
                "longitude": -0.790871,
              },
              "line1": "High Street",
              "line2": "The Stables",
              "line3": "Old Haversham",
              "line4": "Milton Keynes",
              "postcode": "MK19 7DZ",
            },
            "id": "NEP1600288",
            "position": Object {
              "lat": 52.079532,
              "lng": -0.790871,
            },
          },
          Object {
            "address": Object {
              "buildingName": "The Cottage",
              "buildingNumber": "",
              "country": "GB",
              "geolocation": Object {
                "latitude": 52.29491,
                "longitude": -0.512901,
              },
              "line1": "Shelton Road",
              "line2": "Yielden",
              "line3": "Bedfordshire",
              "line4": "",
              "postcode": "MK44 1AQ",
            },
            "id": "BED1600534",
            "position": Object {
              "lat": 52.29491,
              "lng": -0.512901,
            },
          },
          Object {
            "address": Object {
              "buildingName": "",
              "buildingNumber": "49",
              "country": "GB",
              "geolocation": Object {
                "latitude": 52.188155,
                "longitude": -0.604618,
              },
              "line1": "The Causeway",
              "line2": "Carlton",
              "line3": "Bedford",
              "line4": "Bedfordshire",
              "postcode": "MK43 7LU",
            },
            "id": "BED1600532",
            "position": Object {
              "lat": 52.188155,
              "lng": -0.604618,
            },
          },
          Object {
            "address": Object {
              "buildingName": "",
              "buildingNumber": "39",
              "country": "GB",
              "geolocation": Object {
                "latitude": 52.044516,
                "longitude": -0.689953,
              },
              "line1": "Foxfield",
              "line2": "Broughton Gate",
              "line3": "Milton Keynes",
              "line4": "Buckinghamshire",
              "postcode": "MK10 7BP",
            },
            "id": "MKC1600312",
            "position": Object {
              "lat": 52.044516,
              "lng": -0.689953,
            },
          },
          Object {
            "address": Object {
              "buildingName": "The Firs",
              "buildingNumber": "",
              "country": "GB",
              "geolocation": Object {
                "latitude": 52.105969,
                "longitude": -0.353784,
              },
              "line1": "Bedford Road",
              "line2": "Northill",
              "line3": "Bedfordshire",
              "line4": "",
              "postcode": "SG18 9AW",
            },
            "id": "BED1600530",
            "position": Object {
              "lat": 52.105969,
              "lng": -0.353784,
            },
          },
          Object {
            "address": Object {
              "buildingName": "Wayside",
              "buildingNumber": "",
              "country": "GB",
              "geolocation": Object {
                "latitude": 51.989592,
                "longitude": -1.06774,
              },
              "line1": "Little Tingewick",
              "line2": "Buckingham",
              "line3": "Buckinghamshire",
              "line4": "",
              "postcode": "MK18 4AG",
            },
            "id": "BUC1600209",
            "position": Object {
              "lat": 51.989592,
              "lng": -1.06774,
            },
          },
          Object {
            "address": Object {
              "buildingName": "The Homestead",
              "buildingNumber": "57",
              "country": "GB",
              "geolocation": Object {
                "latitude": 52.135071,
                "longitude": -0.45936,
              },
              "line1": "The Embankment",
              "line2": "Bedford",
              "line3": "Bedfordshire",
              "line4": "",
              "postcode": "MK40 3PD",
            },
            "id": "BED1600525",
            "position": Object {
              "lat": 52.135071,
              "lng": -0.45936,
            },
          },
          Object {
            "address": Object {
              "buildingName": "",
              "buildingNumber": "54",
              "country": "GB",
              "geolocation": Object {
                "latitude": 52.161384,
                "longitude": -0.461113,
              },
              "line1": "Tyne Crescent",
              "line2": "Bedford",
              "line3": "Bedfordshire",
              "line4": "",
              "postcode": "MK41 7UJ",
            },
            "id": "BED1600523",
            "position": Object {
              "lat": 52.161384,
              "lng": -0.461113,
            },
          },
          Object {
            "address": Object {
              "buildingName": "",
              "buildingNumber": "8",
              "country": "",
              "geolocation": Object {
                "latitude": 52.04681,
                "longitude": -0.710721,
              },
              "line1": "Deacon Place",
              "line2": "Middleton",
              "line3": "Milton Keynes",
              "line4": "",
              "postcode": "MK10 9FS",
            },
            "id": "MKC1600311",
            "position": Object {
              "lat": 52.04681,
              "lng": -0.710721,
            },
          },
        ]
      }
      destinationAddress="mockAddress"
      destinationPoint={
        Object {
          "lat": 0,
          "lng": 0,
        }
      }
      mapContainerStyles={
        Object {
          "height": "100%",
        }
      }
      markerCallBack={[MockFunction]}
      onLoadedDirection={[Function]}
      travelMode="WALKING"
    />
  </div>
  <MapPanelWithRedux
    currentLocation={
      Object {
        "lat": 9999,
        "lng": 9999,
      }
    }
    destination={
      Object {
        "lat": 0,
        "lng": 0,
      }
    }
    distance=""
    duration=""
  />
</Fragment>
`;

exports[`Map Should match snapshot 2`] = `
<Fragment>
  <div
    className="undefined  "
  >
    <Map
      autoFitBounds={true}
      coordinates={Array []}
      destinationAddress="mockAddress"
      destinationPoint={
        Object {
          "lat": 0,
          "lng": 0,
        }
      }
      mapContainerStyles={
        Object {
          "height": "100%",
        }
      }
      markerCallBack={[MockFunction]}
      onLoadedDirection={[Function]}
      travelMode="WALKING"
    />
  </div>
  <MapPanelWithRedux
    currentLocation={
      Object {
        "lat": 9999,
        "lng": 9999,
      }
    }
    destination={
      Object {
        "lat": 0,
        "lng": 0,
      }
    }
    distance=""
    duration=""
  />
</Fragment>
`;
