// Jest Snapshot v1, https://goo.gl/fbAQLP

exports[`identification forms Identification should render correctly 1`] = `
<Formik
  enableReinitialize={false}
  initialValues={
    Object {
      "details": "",
      "expiry": undefined,
      "fileUrl": undefined,
      "typeId": "",
    }
  }
  isInitialValid={false}
  onSubmit={[Function]}
  render={[Function]}
  validateOnBlur={true}
  validateOnChange={true}
/>
`;

exports[`identification forms renderFormHandler should render correctly 1`] = `
<div>
  <Form>
    <Connect(Component)
      id="typeId"
      labelText="ID Type"
      name="typeId"
    />
    <Input
      id="details"
      labelText="ID Reference"
      name="details"
      placeholder="ID Reference"
      type="text"
    />
    <DatePicker
      id="expiry"
      labelText="Expired Date"
      name="expiry"
    />
    <FileInput
      id="fileUrl"
      labelText="Upload File/Take a Pic"
      name="fileUrl"
    />
    <div
      className="flex justify-between mt-4"
    >
      <div
        className="flex items-center"
      >
        <span>
          RPS Ref:
        </span>
        <span
          className="ml-1"
        >
          1
        </span>
      </div>
      <div>
        <Button
          className="mr-2"
          loading={false}
          type="submit"
          variant="primary"
        >
          Save
        </Button>
        <Button
          className="mr-2"
          disabled={false}
          onClick={[MockFunction]}
          type="button"
          variant="primary"
        >
          Previous
        </Button>
        <Button
          disabled={false}
          onClick={[MockFunction]}
          type="button"
          variant="primary"
        >
          Next
        </Button>
      </div>
    </div>
  </Form>
</div>
`;
