// Jest Snapshot v1, https://goo.gl/fbAQLP

exports[`AddressInformation AddressInput should render correctly 1`] = `ShallowWrapper {}`;

exports[`AddressInformation renderExtraForm should match Snapshot 1`] = `ShallowWrapper {}`;

exports[`AddressInformation should match snapshot 1`] = `ShallowWrapper {}`;

exports[`AddressInformation should match snapshot when desktop mode 1`] = `ShallowWrapper {}`;
