// Jest Snapshot v1, https://goo.gl/fbAQLP

exports[`agent-check AgentCheck should match snapshot 1`] = `
<Formik
  enableReinitialize={false}
  initialValues={
    Object {
      "clientType": "Individual",
      "isUKResident": "Yes",
      "placeMeet": "Home Address",
      "referralType": "Vendor Compliance",
      "secondaryIdUrl": "https://reapit-app-store-app-media.s3.eu-west-2.amazonaws.com/MKC11001623-2131231.jpg",
      "timeSelection": "10:00",
    }
  }
  isInitialValid={false}
  onSubmit={[MockFunction]}
  render={[Function]}
  validateOnBlur={true}
  validateOnChange={true}
/>
`;

exports[`agent-check renderForm should match snapshot 1`] = `
<div>
  <Component />
</div>
`;
