// Jest Snapshot v1, https://goo.gl/fbAQLP

exports[`ResetPasswordForm should match snapshot 1`] = `
<FlexContainerBasic
  flexColumn={true}
  hasPadding={true}
>
  <Form>
    <Grid>
      <GridItem>
        <Input
          dataTest="email"
          id="email"
          labelText="Email"
          name="email"
          type="email"
        />
      </GridItem>
    </Grid>
    <Grid>
      <GridItem>
        <Input
          dataTest="password"
          id="password"
          labelText="Password"
          name="password"
          type="password"
        />
      </GridItem>
    </Grid>
    <Grid>
      <GridItem>
        <Input
          dataTest="confirmPassword"
          id="confirmPassword"
          labelText="Confirm Password"
          name="confirmPassword"
          type="password"
        />
      </GridItem>
    </Grid>
    <Grid>
      <GridItem>
        <Input
          dataTest="verificationCode"
          id="verificationCode"
          labelText="Verification Code"
          name="verificationCode"
          type="text"
        />
      </GridItem>
    </Grid>
    <FlexContainerResponsive>
      <Button
        disabled={false}
        type="submit"
        variant="primary"
      >
        Reset Password
      </Button>
    </FlexContainerResponsive>
  </Form>
</FlexContainerBasic>
`;
