// Jest Snapshot v1, https://goo.gl/fbAQLP

exports[`SecondaryIdentification SecondaryIdentification should match snapshot 1`] = `
<Component
  contactModel={
    Object {
      "_eTag": "\\"9CBE436919C6BE89A8642BC70A7CFAEE\\"",
      "_embedded": Object {},
      "_links": Object {
        "documents": Object {
          "href": "/documents/?ownerType=contact&ownerId=MKC16000007",
        },
        "identityChecks": Object {
          "href": "/identityChecks/?contactId=MKC16000007",
        },
        "negotiators": Object {
          "href": "/negotiators/?id=RMK",
        },
        "offices": Object {
          "href": "/offices/?id=MKC",
        },
        "self": Object {
          "href": "/contacts/MKC16000007",
        },
      },
      "active": true,
      "created": "2019-03-27T12:31:21.0000000Z",
      "dateOfBirth": "2019-11-22",
      "email": "cphilip133@rpsfiction.net",
      "forename": "Carson",
      "homePhone": "01632 968347",
      "id": "MKC16000007",
      "identityCheck": "pending",
      "marketingConsent": "notAsked",
      "metadata": Object {},
      "mobilePhone": "07700 908347",
      "modified": "2020-01-14T09:55:50.0000000Z",
      "negotiatorIds": Array [
        "RMK",
      ],
      "officeIds": Array [
        "MKC",
      ],
      "primaryAddress": Object {
        "buildingName": "123",
        "buildingNumber": "1",
        "countryId": "GB",
        "line1": "Harcourt Close",
        "line2": "Leighton Buzzard",
        "line3": "Bedfordshire",
        "line4": "123123",
        "postcode": "LU7 2ST",
        "type": "primary",
      },
      "secondaryAddress": Object {
        "buildingName": "123",
        "buildingNumber": "1",
        "countryId": "GB",
        "line1": "Harcourt Close",
        "line2": "Leighton Buzzard",
        "line3": "Bedfordshire",
        "line4": "123123",
        "postcode": "LU7 2ST",
        "type": "secondary",
      },
      "source": "",
      "surname": "Philip",
      "title": "Mr",
      "workAddress": "",
      "workPhone": "020 7946 8347",
    }
  }
  disabled={true}
  initFormValues={Object {}}
  loading={false}
  onSaveHandler={[MockFunction]}
/>
`;
